// Jest Snapshot v1, https://goo.gl/fbAQLP

exports[`<Inventory /> matches snapshot 1`] = `
<div>
  <div
    class="sc-bczRLJ kknEKR"
  >
    <div
      class="sc-gsnTZi gkOHpF"
    >
      인벤토리
    </div>
    <div
      class="sc-dkzDqf dQXOka"
    >
      <button
        class="sc-hKMtZM kbhiCc"
      >
        <span
          style="color: rgb(0, 198, 193);"
        >
          소유중
        </span>
      </button>
      <button
        class="sc-hKMtZM kbhiCc"
      >
        <span>
          즐겨찾기
        </span>
      </button>
    </div>
    <hr
      class="sc-eCYdqJ fmQJPI"
    />
    <div
      class="sc-jSMfEi bQlSLI"
    />
  </div>
</div>
`;
