// Jest Snapshot v1, https://goo.gl/fbAQLP

exports[`<Profile /> matches snapshot 1`] = `
<div>
  <div
    style="width: 17%;"
  >
    <div
      class="sc-papXJ bJWJWe"
    >
      <span
        class="sc-jqUVSM dclcoQ"
      >
        나의 프로필
      </span>
      <img
        alt="profile-img"
        class="sc-kDDrLX siaIx"
        src="default"
      />
      <span
        class="sc-iqcoie fBlXKq"
      >
        Andrew
      </span>
      <span
        class="sc-crXcEl fXXtVH"
      >
        Andy@gmail.com
      </span>
      <div>
        <button
          class="sc-bczRLJ lfnOUr"
          height="2"
          width="6"
        >
          <span>
            프로필 편집
          </span>
        </button>
      </div>
      <div
        class="sc-evZas hLCrHz"
      >
        <div
          class="sc-ksZaOG dAAxH"
        >
          <div
            class="sc-breuTD cnHpMH"
          >
            <span
              class="sc-fnykZs FbPsi"
            >
              1,237
            </span>
            <span
              class="sc-hAZoDl eyYiat"
            >
              포인트
            </span>
          </div>
        </div>
        <div
          class="sc-breuTD cnHpMH"
        >
          <span
            class="sc-fnykZs FbPsi"
          >
            2
          </span>
          <span
            class="sc-hAZoDl eyYiat"
          >
            이모지
          </span>
        </div>
        <div
          class="sc-breuTD cnHpMH"
        >
          <span
            class="sc-fnykZs FbPsi"
          >
            47
          </span>
          <span
            class="sc-hAZoDl eyYiat"
          >
            친구
          </span>
        </div>
      </div>
    </div>
  </div>
</div>
`;
