// Jest Snapshot v1, https://goo.gl/fbAQLP

exports[`<SocialPage /> matches snapshot 1`] = `
<div>
  <div
    class="sc-bczRLJ dEIXcx"
  >
    <div
      class="sc-eCYdqJ ggKycM"
    >
      <div
        style="display: flex; justify-content: space-between; align-items: center;"
      >
        <h1
          class="sc-jSMfEi iXlUyX"
        >
          친구찾기
        </h1>
        <div
          class="sc-gsnTZi gFfhsY"
        >
          <label
            class="sc-dkzDqf epKNRO fa-solid fa-magnifying-glass"
            for="친구 검색"
          />
          <input
            class="sc-hKMtZM dgdFEi"
            id="친구 검색"
            placeholder="친구 검색"
          />
        </div>
      </div>
      <span
        class="sc-gKXOVf gYKlfH"
      >
        친구와 함께하면 즐거움이 두배에요.
      </span>
      <div
        class="sc-iBkjds ivzvnu"
      >
        <div
          class="sc-papXJ"
        >
          <button
            class="sc-jqUVSM fcFrw"
          >
            <span
              style="color: rgb(0, 198, 193);"
            >
              내친구
            </span>
          </button>
          <button
            class="sc-jqUVSM fcFrw"
          >
            <span>
              친구요청
            </span>
          </button>
        </div>
      </div>
      <hr
        class="sc-ftvSup bHOoiT"
      />
    </div>
    <div
      class="sc-dIouRR cRmNfs"
    >
      <div
        class="sc-kDDrLX giRhHT sc-iqcoie dmVUc"
      >
        <div
          class="sc-crXcEl cuWCOu"
        >
          <img
            class="sc-evZas dpauwO"
            src="default"
          />
          <div
            class="sc-breuTD hspVCW"
          >
            <h1
              class="sc-ksZaOG czhzBS"
            >
              Thomas
            </h1>
            <h2
              class="sc-hAZoDl iIFmZq"
            >
              tho@gmail.com
            </h2>
            <span
              class="sc-fnykZs faHzkp"
            >
              일본 vs 대한민국 같이봐요
            </span>
          </div>
        </div>
        <div>
          <i
            class="sc-fEOsli XiJap fa-solid fa-ellipsis-vertical"
          />
        </div>
      </div>
      <div
        class="sc-kDDrLX giRhHT sc-iqcoie dmVUc"
      >
        <div
          class="sc-crXcEl cuWCOu"
        >
          <img
            class="sc-evZas dpauwO"
            src="default"
          />
          <div
            class="sc-breuTD hspVCW"
          >
            <h1
              class="sc-ksZaOG czhzBS"
            >
              Bell
            </h1>
            <h2
              class="sc-hAZoDl iIFmZq"
            >
              bell@gmail.com
            </h2>
            <span
              class="sc-fnykZs faHzkp"
            >
              접속중
            </span>
          </div>
        </div>
        <div>
          <i
            class="sc-fEOsli XiJap fa-solid fa-ellipsis-vertical"
          />
        </div>
      </div>
      <div
        class="sc-kDDrLX giRhHT sc-iqcoie dmVUc"
      >
        <div
          class="sc-crXcEl cuWCOu"
        >
          <img
            class="sc-evZas dpauwO"
            src="default"
          />
          <div
            class="sc-breuTD hspVCW"
          >
            <h1
              class="sc-ksZaOG czhzBS"
            >
              Dijkstra
            </h1>
            <h2
              class="sc-hAZoDl iIFmZq"
            >
              graph@gmail.com
            </h2>
            <span
              class="sc-fnykZs faHzkp"
            >
              12 minutes ago
            </span>
          </div>
        </div>
        <div>
          <i
            class="sc-fEOsli XiJap fa-solid fa-ellipsis-vertical"
          />
        </div>
      </div>
      <div
        class="sc-kDDrLX giRhHT sc-iqcoie dmVUc"
      >
        <div
          class="sc-crXcEl cuWCOu"
        >
          <img
            class="sc-evZas dpauwO"
            src="default"
          />
          <div
            class="sc-breuTD hspVCW"
          >
            <h1
              class="sc-ksZaOG czhzBS"
            >
              Perry
            </h1>
            <h2
              class="sc-hAZoDl iIFmZq"
            >
              graph@gmail.com
            </h2>
            <span
              class="sc-fnykZs faHzkp"
            >
              12 minutes ago
            </span>
          </div>
        </div>
        <div>
          <i
            class="sc-fEOsli XiJap fa-solid fa-ellipsis-vertical"
          />
        </div>
      </div>
    </div>
  </div>
</div>
`;
