// Jest Snapshot v1, https://goo.gl/fbAQLP

exports[`<Social /> matches snapshot 1`] = `
<div>
  <div
    class="sc-bczRLJ eSRXvY"
  >
    <div
      style="display: flex; justify-content: space-between; align-items: center;"
    >
      <h1
        class="sc-gsnTZi cXCULo"
      >
        친구찾기
      </h1>
      <div
        class="sc-hKMtZM fzQXhC"
        tabindex="1"
      >
        <i
          class="sc-eCYdqJ idJwBR fa-solid fa-magnifying-glass"
        />
        <input
          class="sc-jSMfEi fdhgPC"
          placeholder="친구 검색"
          type="text"
        />
      </div>
    </div>
    <span
      class="sc-dkzDqf kUfBCy"
    >
      친구와 함께하면 즐거움이 두배에요.
    </span>
    <div
      class="sc-gKXOVf"
    >
      <button
        class="sc-iBkjds gZUuQy"
      >
        <span
          style="color: rgb(0, 198, 193);"
        >
          내친구
        </span>
      </button>
      <button
        class="sc-iBkjds gZUuQy"
      >
        <span>
          친구요청
        </span>
      </button>
    </div>
    <hr
      class="sc-ftvSup bHOoiT"
    />
  </div>
  <div
    class="sc-papXJ"
  />
</div>
`;
